------------------------------------------------------------
Timing Analyzer Summary
------------------------------------------------------------

Type  : Slow 1200mV 85C Model Setup 'i_clock'
Slack : -3.960
TNS   : -104.921

Type  : Slow 1200mV 85C Model Setup 'generator:gen|o_clk'
Slack : -0.933
TNS   : -1.872

Type  : Slow 1200mV 85C Model Hold 'generator:gen|o_clk'
Slack : 0.537
TNS   : 0.000

Type  : Slow 1200mV 85C Model Hold 'i_clock'
Slack : 0.735
TNS   : 0.000

Type  : Slow 1200mV 85C Model Minimum Pulse Width 'i_clock'
Slack : -3.000
TNS   : -52.071

Type  : Slow 1200mV 85C Model Minimum Pulse Width 'generator:gen|o_clk'
Slack : -1.487
TNS   : -4.461

Type  : Slow 1200mV 0C Model Setup 'i_clock'
Slack : -3.684
TNS   : -95.800

Type  : Slow 1200mV 0C Model Setup 'generator:gen|o_clk'
Slack : -0.762
TNS   : -1.385

Type  : Slow 1200mV 0C Model Hold 'generator:gen|o_clk'
Slack : 0.494
TNS   : 0.000

Type  : Slow 1200mV 0C Model Hold 'i_clock'
Slack : 0.684
TNS   : 0.000

Type  : Slow 1200mV 0C Model Minimum Pulse Width 'i_clock'
Slack : -3.000
TNS   : -52.071

Type  : Slow 1200mV 0C Model Minimum Pulse Width 'generator:gen|o_clk'
Slack : -1.487
TNS   : -4.461

Type  : Fast 1200mV 0C Model Setup 'i_clock'
Slack : -1.144
TNS   : -24.339

Type  : Fast 1200mV 0C Model Setup 'generator:gen|o_clk'
Slack : 0.193
TNS   : 0.000

Type  : Fast 1200mV 0C Model Hold 'generator:gen|o_clk'
Slack : 0.220
TNS   : 0.000

Type  : Fast 1200mV 0C Model Hold 'i_clock'
Slack : 0.293
TNS   : 0.000

Type  : Fast 1200mV 0C Model Minimum Pulse Width 'i_clock'
Slack : -3.000
TNS   : -38.110

Type  : Fast 1200mV 0C Model Minimum Pulse Width 'generator:gen|o_clk'
Slack : -1.000
TNS   : -3.000

------------------------------------------------------------
